// Jest Snapshot v1, https://goo.gl/fbAQLP

exports[`CustomButton renders correctly 1`] = `
<View
  accessibilityState={
    {
      "busy": undefined,
      "checked": undefined,
      "disabled": undefined,
      "expanded": undefined,
      "selected": undefined,
    }
  }
  accessibilityValue={
    {
      "max": undefined,
      "min": undefined,
      "now": undefined,
      "text": undefined,
    }
  }
  accessible={true}
  collapsable={false}
  focusable={true}
  onClick={[Function]}
  onResponderGrant={[Function]}
  onResponderMove={[Function]}
  onResponderRelease={[Function]}
  onResponderTerminate={[Function]}
  onResponderTerminationRequest={[Function]}
  onStartShouldSetResponder={[Function]}
  style={
    {
      "backgroundColor": "#51B8A7",
      "borderRadius": 24,
      "marginBottom": 0,
      "marginTop": 0,
      "opacity": 1,
      "padding": 12,
    }
  }
>
  <Text
    style={
      {
        "color": "white",
        "fontSize": 18,
        "fontWeight": "500",
        "marginBottom": 0,
        "marginTop": 0,
        "textAlign": "center",
      }
    }
  >
    Press me!
  </Text>
</View>
`;
